// Jest Snapshot v1, https://goo.gl/fbAQLP

exports[`if getMeasuredComponent will return a function that creates a component for rendering 1`] = `
<Foo
  foo="bar"
  size={
    Object {
      "width": 0,
    }
  }
/>
`;
